// Jest Snapshot v1, https://goo.gl/fbAQLP

exports[`Movies list unit tests Render movies list 1`] = `
<div
  className="catalog__movies-list"
>
  <article
    className="small-movie-card catalog__movies-card"
    onMouseEnter={[Function]}
    onMouseLeave={[Function]}
  >
    <div
      className="small-movie-card__image"
    >
      <video
        height="175"
        poster="https://upload.wikimedia.org/wikipedia/commons/f/f6/70mm_film_print_with_DTS_sound.jpg"
        type="video/mp4"
        width="280"
      >
        Sorry, your browser doesnt support embedded videos.
      </video>
    </div>
    <h3
      className="small-movie-card__title"
    >
      <a
        className="small-movie-card__link"
        href="movie-page.html"
        onClick={[Function]}
      >
        Fantastic Beasts: The Crimes of Grindelwald
      </a>
    </h3>
  </article>
  <article
    className="small-movie-card catalog__movies-card"
    onMouseEnter={[Function]}
    onMouseLeave={[Function]}
  >
    <div
      className="small-movie-card__image"
    >
      <video
        height="175"
        poster="https://upload.wikimedia.org/wikipedia/commons/e/eb/FSC-R-logobackground_green.png"
        type="video/webm"
        width="280"
      >
        Sorry, your browser doesnt support embedded videos.
      </video>
    </div>
    <h3
      className="small-movie-card__title"
    >
      <a
        className="small-movie-card__link"
        href="movie-page.html"
        onClick={[Function]}
      >
        Bohemian Rhapsody
      </a>
    </h3>
  </article>
</div>
`;
